// Jest Snapshot v1, https://goo.gl/fbAQLP

exports[`Article Modal properly renders article data 1`] = `<button />`;
